// Vitest Snapshot v1

exports[`<Button /> > Should match the snapshot 1`] = `
<button
  class="px-4 py-1 rounded-md transition font-semibold bg-gray-400 hover:bg-gray-700 hover:text-white active:scale-95"
>
  Clique aqui!
</button>
`;
